[perceptive-analytics.com/tableau-consultants/index.html]
[backblue.gif]
[fade.gif]
[index.html]
[www.perceptive-analytics.com/tableau-consultants/images/3-v4.0.png]
[perceptive-analytics.com/tableau-consultants/images/favicon.png]
[connect.facebook.net/en_US/fbevents.js]
[script.crazyegg.com/pages/scripts/0071/9462.js]
[perceptive-analytics.com/tableau-consultants/index-2.html]
[perceptive-analytics.com/tableau-consultants/images/perceptive_logo.png]
[perceptive-analytics.com/tableau-consultants/images/phone-icon.png]
[perceptive-analytics.com/tableau-consultants/images/mail-icon.png]
[perceptive-analytics.com/tableau-consultants/getaquote.html]
[perceptive-analytics.com/tableau-consultants/images/tableau-consultants-awards.png]
[perceptive-analytics.com/tableau-consultants/images/about_prod_list.png]
[perceptive-analytics.com/tableau-consultants/images/1-v4.0.jpg]
[perceptive-analytics.com/tableau-consultants/images/tab.png]
[perceptive-analytics.com/tableau-consultants/images/excel-to-tableau.png]
[perceptive-analytics.com/tableau-consultants/images/adv-viz.png]
[perceptive-analytics.com/tableau-consultants/images/slow.jpg]
[perceptive-analytics.com/tableau-consultants/images/team.jpg]
[perceptive-analytics.com/tableau-consultants/images/wdc.png]
[perceptive-analytics.com/tableau-consultants/images/lock.gif]
[perceptive-analytics.com/tableau-consultants/images/tableau_img.png]
[perceptive-analytics.com/tableau-consultants/images/secured_sec1.png]
[perceptive-analytics.com/tableau-consultants/images/nilesh.jpg]
[perceptive-analytics.com/tableau-consultants/images/jon.jpg]
[perceptive-analytics.com/tableau-consultants/images/joyce-new.jpg]
[perceptive-analytics.com/tableau-consultants/images/samirlavani_img.jpg]
[perceptive-analytics.com/tableau-consultants/images/about_prod_list2.png]
[perceptive-analytics.com/tableau-consultants/js/jquery.min.js]
[perceptive-analytics.com/tableau-consultants/js/bootstrap.js]
[perceptive-analytics.com/tableau-consultants/js/swiper.min.js]
[perceptive-analytics.com/tableau-consultants/js/script.js]
[www.google.com/recaptcha/api.js]
[perceptive-analytics.com/tableau-consultants/index.html]
[perceptive-analytics.com/tableau-consultants/css/bootstrap.css]
[perceptive-analytics.com/tableau-consultants/fonts/sf-pro-display-light-webfont.eot]
[perceptive-analytics.com/tableau-consultants/fonts/sf-pro-display-light-webfontd41d.eot]
[perceptive-analytics.com/tableau-consultants/fonts/sf-pro-display-light-webfont.woff]
[perceptive-analytics.com/tableau-consultants/fonts/sf-pro-display-light-webfont.ttf]
[perceptive-analytics.com/tableau-consultants/fonts/sf-pro-display-medium-webfont.eot]
[perceptive-analytics.com/tableau-consultants/fonts/sf-pro-display-medium-webfontd41d.eot]
[perceptive-analytics.com/tableau-consultants/fonts/sf-pro-display-medium-webfont.woff]
[perceptive-analytics.com/tableau-consultants/fonts/sf-pro-display-medium-webfont.ttf]
[perceptive-analytics.com/tableau-consultants/fonts/sf-pro-display-regular-webfont.eot]
[perceptive-analytics.com/tableau-consultants/fonts/sf-pro-display-regular-webfontd41d.eot]
[perceptive-analytics.com/tableau-consultants/fonts/sf-pro-display-regular-webfont.woff]
[perceptive-analytics.com/tableau-consultants/fonts/sf-pro-display-regular-webfont.ttf]
[perceptive-analytics.com/tableau-consultants/fonts/sf-pro-display-semibold-webfont.eot]
[perceptive-analytics.com/tableau-consultants/fonts/sf-pro-display-semibold-webfontd41d.eot]
[perceptive-analytics.com/tableau-consultants/fonts/sf-pro-display-semibold-webfont.woff]
[perceptive-analytics.com/tableau-consultants/fonts/sf-pro-display-semibold-webfont.ttf]
[perceptive-analytics.com/tableau-consultants/fonts/sf-pro-display-bold-webfont.eot]
[perceptive-analytics.com/tableau-consultants/fonts/sf-pro-display-bold-webfontd41d.eot]
[perceptive-analytics.com/tableau-consultants/fonts/sf-pro-display-bold-webfont.woff]
[perceptive-analytics.com/tableau-consultants/fonts/sf-pro-display-bold-webfont.ttf]
[perceptive-analytics.com/tableau-consultants/images/banner_bg.jpg]
[perceptive-analytics.com/tableau-consultants/images/thankyou_img.jpg]
[perceptive-analytics.com/tableau-consultants/images/lightbox-close@3x.png]
[perceptive-analytics.com/tableau-consultants/css/style.css]
[connect.facebook.net/en_US/fbevents.js]
[perceptive-analytics.com/tableau-consultants/index-2.html]
[perceptive-analytics.com/tableau-consultants/images/secured_sec2.png]
[perceptive-analytics.com/tableau-consultants/getaquote.html]
[perceptive-analytics.com/tableau-consultants/fonts/fontawesome-webfont93e3.eot]
[perceptive-analytics.com/tableau-consultants/fonts/fontawesome-webfontd41d.eot]
[perceptive-analytics.com/tableau-consultants/fonts/fontawesome-webfont93e3.woff]
[perceptive-analytics.com/tableau-consultants/fonts/fontawesome-webfont93e3.ttf]
[perceptive-analytics.com/tableau-consultants/css/font-awesome.min.css]
[perceptive-analytics.com/tableau-consultants/css/animate.css]
[perceptive-analytics.com/tableau-consultants/fonts/glyphicons-halflings-regular.html]
[perceptive-analytics.com/tableau-consultants/fonts/glyphicons-halflings-regulard41d.html]
[perceptive-analytics.com/tableau-consultants/fonts/glyphicons-halflings-regular-2.html]
[perceptive-analytics.com/tableau-consultants/fonts/glyphicons-halflings-regular-3.html]
[perceptive-analytics.com/tableau-consultants/fonts/glyphicons-halflings-regular-4.html]
[perceptive-analytics.com/tableau-consultants/fonts/glyphicons-halflings-regular-5.html]
[perceptive-analytics.com/tableau-consultants/fonts/sf-pro-display-light-webfont.html]
[perceptive-analytics.com/tableau-consultants/fonts/sf-pro-display-light-webfont.svg]
[perceptive-analytics.com/tableau-consultants/fonts/sf-pro-display-medium-webfont.html]
[perceptive-analytics.com/tableau-consultants/fonts/sf-pro-display-medium-webfont.svg]
[perceptive-analytics.com/tableau-consultants/fonts/sf-pro-display-regular-webfont.html]
[perceptive-analytics.com/tableau-consultants/fonts/sf-pro-display-regular-webfont.svg]
[perceptive-analytics.com/tableau-consultants/fonts/sf-pro-display-semibold-webfont.html]
[perceptive-analytics.com/tableau-consultants/fonts/sf-pro-display-semibold-webfont.svg]
[perceptive-analytics.com/tableau-consultants/fonts/sf-pro-display-bold-webfont.html]
[perceptive-analytics.com/tableau-consultants/fonts/sf-pro-display-bold-webfont.svg]
[perceptive-analytics.com/tableau-consultants/c.html]
[perceptive-analytics.com/tableau-consultants/b.html]
[perceptive-analytics.com/tableau-consultants/POST.html]
[perceptive-analytics.com/tableau-consultants/css/swiper.min.css]
[perceptive-analytics.com/tableau-consultants/css/responsive.css]
[perceptive-analytics.com/tableau-consultants/fonts/fontawesome-webfont93e3.html]
[perceptive-analytics.com/tableau-consultants/fonts/fontawesome-webfont93e3.svg]
